// Jest Snapshot v1, https://goo.gl/fbAQLP

exports[`PokemonPage debe de hacer match con el snapshot 1`] = `<h1>Espere por favor...</h1>`;

exports[`PokemonPage debe de hacer match con el snapshot cuando cargan los pokemons 1`] = `
<div>
  <h1>Â¿Quien es este pokemon?</h1><!-- Se puede poner como PokemonPicture o <pokemon-picture></pokemon-picture> -->
  <!-- Las propiedades tambien se pueden poner como pokemon-id en lugar de PokemonId -->
  <pokemon-picture-stub pokemonid="5" showpokemon="false"></pokemon-picture-stub>
  <!-- <PokemonOptions 
      :pokemons="pokemonArr"
      @selection="checkAnswer(1, $event)"
    /> -->
  <pokemon-options-stub pokemons="[object Object],[object Object],[object Object],[object Object]"></pokemon-options-stub>
  <!--v-if-->
</div>
`;
